// Jest Snapshot v1, https://goo.gl/fbAQLP

exports[`Clock should update clock every second 1`] = `
<div
  className="clock"
>
  18:46:14
</div>
`;
