// Jest Snapshot v1, https://goo.gl/fbAQLP

exports[`Navbar should render correctly 1`] = `
<nav
  className="Navbar"
>
  <Link
    className="Navbar__link"
    to="/"
  >
    Home page
  </Link>
  <Link
    className="Navbar__link"
    to="/article/new"
  >
    New article
  </Link>
</nav>
`;
